
  🍫  フェアトレード・チャレンジ ～チョコレートの旅～
  ───────────────────────────────────────────────
  先生用   : http://localhost:3000/teacher.html
  生徒用   : http://localhost:3000/play.html

  同じWi-Fiの端末からは、こちらのURLで開けます:
    http://23.131.24.48:3000/play.html

  ルールセット: mvp, elementary, spec
  終了するには Ctrl+C

[room] 作成 374541 (mvp / independent)
[room] 開始 374541 参加者4人
[room] 終了 374541
[room] 作成 100255 (mvp / independent)
[room] 終了 100255
[room] 作成 970514 (mvp / independent)
[room] 開始 970514 参加者4人
[room] 終了 970514
[room] 作成 557047 (mvp / independent)
[room] 終了 557047
[room] 作成 780692 (mvp / independent)
[room] 開始 780692 参加者4人
[room] 終了 780692
